Flow report for practica2_2
Fri Sep 11 11:46:05 2026
Quartus Prime Version 25.1std.0 Build 1129 10/21/2025 SC Lite Edition


---------------------
; Table of Contents ;
---------------------
  1. Legal Notice
  2. Flow Summary
  3. Flow Settings
  4. Flow Non-Default Global Settings
  5. Flow Elapsed Time
  6. Flow OS Summary
  7. Flow Log
  8. Flow Messages
  9. Flow Suppressed Messages



----------------
; Legal Notice ;
----------------
Copyright (C) 2025  Altera Corporation. All rights reserved.
Your use of Altera Corporation's design tools, logic functions 
and other software and tools, and any partner logic 
functions, and any output files from any of the foregoing 
(including device programming or simulation files), and any 
associated documentation or information are expressly subject 
to the terms and conditions of the Altera Program License 
Subscription Agreement, the Altera Quartus Prime License Agreement,
the Altera IP License Agreement, or other applicable license
agreement, including, without limitation, that your use is for
the sole purpose of programming logic devices manufactured by
Altera and sold by Altera or its authorized distributors.  Please
refer to the Altera Software License Subscription Agreements 
on the Quartus Prime software download page.



+--------------------------------------------------------------------------------------+
; Flow Summary                                                                         ;
+------------------------------------+-------------------------------------------------+
; Flow Status                        ; Successful - Fri Sep 11 11:46:05 2026           ;
; Quartus Prime Version              ; 25.1std.0 Build 1129 10/21/2025 SC Lite Edition ;
; Revision Name                      ; practica2_2                                     ;
; Top-level Entity Name              ; practica2_2                                     ;
; Family                             ; MAX 10                                          ;
; Device                             ; 10M50DAF484C7G                                  ;
; Timing Models                      ; Final                                           ;
; Total logic elements               ; 16 / 49,760 ( < 1 % )                           ;
;     Total combinational functions  ; 14 / 49,760 ( < 1 % )                           ;
;     Dedicated logic registers      ; 10 / 49,760 ( < 1 % )                           ;
; Total registers                    ; 10                                              ;
; Total pins                         ; 10 / 360 ( 3 % )                                ;
; Total virtual pins                 ; 0                                               ;
; Total memory bits                  ; 0 / 1,677,312 ( 0 % )                           ;
; Embedded Multiplier 9-bit elements ; 0 / 288 ( 0 % )                                 ;
; Total PLLs                         ; 0 / 4 ( 0 % )                                   ;
; UFM blocks                         ; 0 / 1 ( 0 % )                                   ;
; ADC blocks                         ; 0 / 2 ( 0 % )                                   ;
+------------------------------------+-------------------------------------------------+


+-----------------------------------------+
; Flow Settings                           ;
+-------------------+---------------------+
; Option            ; Setting             ;
+-------------------+---------------------+
; Start date & time ; 09/11/2026 11:40:39 ;
; Main task         ; Compilation         ;
; Revision Name     ; practica2_2         ;
+-------------------+---------------------+


+------------------------------------------------------------------------------------------------------------------------------------------------+
; Flow Non-Default Global Settings                                                                                                               ;
+-------------------------------------+----------------------------------------+---------------+-------------+-----------------------------------+
; Assignment Name                     ; Value                                  ; Default Value ; Entity Name ; Section Id                        ;
+-------------------------------------+----------------------------------------+---------------+-------------+-----------------------------------+
; COMPILER_SIGNATURE_ID               ; 36015909679830.178914843905778         ; --            ; --          ; --                                ;
; EDA_GENERATE_FUNCTIONAL_NETLIST     ; Off                                    ; --            ; --          ; eda_board_design_timing           ;
; EDA_GENERATE_FUNCTIONAL_NETLIST     ; Off                                    ; --            ; --          ; eda_board_design_boundary_scan    ;
; EDA_GENERATE_FUNCTIONAL_NETLIST     ; Off                                    ; --            ; --          ; eda_board_design_signal_integrity ;
; EDA_GENERATE_FUNCTIONAL_NETLIST     ; Off                                    ; --            ; --          ; eda_board_design_symbol           ;
; EDA_OUTPUT_DATA_FORMAT              ; Verilog Hdl                            ; --            ; --          ; eda_simulation                    ;
; EDA_SIMULATION_TOOL                 ; Questa Altera FPGA (Verilog)           ; <None>        ; --          ; --                                ;
; EDA_TIME_SCALE                      ; 1 ps                                   ; --            ; --          ; eda_simulation                    ;
; MAX_CORE_JUNCTION_TEMP              ; 85                                     ; --            ; --          ; --                                ;
; MIN_CORE_JUNCTION_TEMP              ; 0                                      ; --            ; --          ; --                                ;
; PARTITION_COLOR                     ; -- (Not supported for targeted family) ; --            ; --          ; Top                               ;
; PARTITION_FITTER_PRESERVATION_LEVEL ; -- (Not supported for targeted family) ; --            ; --          ; Top                               ;
; PARTITION_NETLIST_TYPE              ; -- (Not supported for targeted family) ; --            ; --          ; Top                               ;
; PROJECT_OUTPUT_DIRECTORY            ; output_files                           ; --            ; --          ; --                                ;
+-------------------------------------+----------------------------------------+---------------+-------------+-----------------------------------+


+--------------------------------------------------------------------------------------------------------------------------+
; Flow Elapsed Time                                                                                                        ;
+----------------------+--------------+-------------------------+---------------------+------------------------------------+
; Module Name          ; Elapsed Time ; Average Processors Used ; Peak Virtual Memory ; Total CPU Time (on all processors) ;
+----------------------+--------------+-------------------------+---------------------+------------------------------------+
; Analysis & Synthesis ; 00:00:08     ; 1.0                     ; 433 MB              ; 00:00:17                           ;
; Fitter               ; 00:00:07     ; 1.0                     ; 1070 MB             ; 00:00:09                           ;
; Assembler            ; 00:00:03     ; 1.0                     ; 381 MB              ; 00:00:02                           ;
; Timing Analyzer      ; 00:00:02     ; 1.0                     ; 517 MB              ; 00:00:02                           ;
; EDA Netlist Writer   ; 00:00:00     ; 1.0                     ; 582 MB              ; 00:00:00                           ;
; EDA Netlist Writer   ; 00:00:00     ; 1.0                     ; 582 MB              ; 00:00:00                           ;
; EDA Netlist Writer   ; 00:00:00     ; 1.0                     ; 582 MB              ; 00:00:00                           ;
; EDA Netlist Writer   ; 00:00:00     ; 1.0                     ; 582 MB              ; 00:00:00                           ;
; EDA Netlist Writer   ; 00:00:00     ; 1.0                     ; 582 MB              ; 00:00:00                           ;
; EDA Netlist Writer   ; 00:00:00     ; 1.0                     ; 582 MB              ; 00:00:00                           ;
; EDA Netlist Writer   ; 00:00:00     ; 1.0                     ; 582 MB              ; 00:00:00                           ;
; EDA Netlist Writer   ; 00:00:00     ; 1.0                     ; 582 MB              ; 00:00:00                           ;
; Total                ; 00:00:20     ; --                      ; --                  ; 00:00:30                           ;
+----------------------+--------------+-------------------------+---------------------+------------------------------------+


+-----------------------------------------------------------------------------------+
; Flow OS Summary                                                                   ;
+----------------------+--------------------+---------+------------+----------------+
; Module Name          ; Machine Hostname   ; OS Name ; OS Version ; Processor type ;
+----------------------+--------------------+---------+------------+----------------+
; Analysis & Synthesis ; oscar-aspirea51454 ; Ubuntu  ; 26         ; x86_64         ;
; Fitter               ; oscar-aspirea51454 ; Ubuntu  ; 26         ; x86_64         ;
; Assembler            ; oscar-aspirea51454 ; Ubuntu  ; 26         ; x86_64         ;
; Timing Analyzer      ; oscar-aspirea51454 ; Ubuntu  ; 26         ; x86_64         ;
; EDA Netlist Writer   ; oscar-aspirea51454 ; Ubuntu  ; 26         ; x86_64         ;
; EDA Netlist Writer   ; oscar-aspirea51454 ; Ubuntu  ; 26         ; x86_64         ;
; EDA Netlist Writer   ; oscar-aspirea51454 ; Ubuntu  ; 26         ; x86_64         ;
; EDA Netlist Writer   ; oscar-aspirea51454 ; Ubuntu  ; 26         ; x86_64         ;
; EDA Netlist Writer   ; oscar-aspirea51454 ; Ubuntu  ; 26         ; x86_64         ;
; EDA Netlist Writer   ; oscar-aspirea51454 ; Ubuntu  ; 26         ; x86_64         ;
; EDA Netlist Writer   ; oscar-aspirea51454 ; Ubuntu  ; 26         ; x86_64         ;
; EDA Netlist Writer   ; oscar-aspirea51454 ; Ubuntu  ; 26         ; x86_64         ;
+----------------------+--------------------+---------+------------+----------------+


------------
; Flow Log ;
------------
quartus_map --read_settings_files=on --write_settings_files=off practica2_2 -c practica2_2
quartus_fit --read_settings_files=off --write_settings_files=off practica2_2 -c practica2_2
quartus_asm --read_settings_files=off --write_settings_files=off practica2_2 -c practica2_2
quartus_sta practica2_2 -c practica2_2
quartus_eda --read_settings_files=off --write_settings_files=off practica2_2 -c practica2_2
quartus_eda --gen_testbench --tool=modelsim_oem --format=vhdl --write_settings_files=off practica2_2 -c practica2_2 --vector_source=/home/ivan/Documents/FI/Lab_oac/practica2_2/practica2_2_EMV_POA/Waveform.vwf --testbench_file=/home/ivan/Documents/FI/Lab_oac/practica2_2/practica2_2_EMV_POA/simulation/qsim/Waveform.vwf.vht
quartus_eda --write_settings_files=off --simulation=on --functional=on --flatten_buses=off --tool=modelsim_oem --format=vhdl --output_directory=/home/ivan/Documents/FI/Lab_oac/practica2_2/practica2_2_EMV_POA/simulation/qsim/ practica2_2 -c practica2_2
quartus_eda --gen_testbench --tool=modelsim_oem --format=vhdl --write_settings_files=off practica2_2 -c practica2_2 --vector_source=/home/ivan/Documents/FI/Lab_oac/practica2_2/practica2_2_EMV_POA/Waveform.vwf --testbench_file=/home/ivan/Documents/FI/Lab_oac/practica2_2/practica2_2_EMV_POA/simulation/modelsim/Waveform.vwf.vht
quartus_eda --gen_testbench --tool=modelsim_oem --format=vhdl --write_settings_files=off practica2_2 -c practica2_2 --vector_source=/home/ivan/Documents/FI/Lab_oac/practica2_2/practica2_2_EMV_POA/Waveform.vwf --testbench_file=/home/ivan/Documents/FI/Lab_oac/practica2_2/practica2_2_EMV_POA/simulation/qsim/Waveform.vwf.vht
quartus_eda --write_settings_files=off --simulation=on --functional=on --flatten_buses=off --tool=modelsim_oem --format=vhdl --output_directory=/home/ivan/Documents/FI/Lab_oac/practica2_2/practica2_2_EMV_POA/simulation/qsim/ practica2_2 -c practica2_2
quartus_eda --gen_testbench --tool=modelsim_oem --format=vhdl --write_settings_files=off practica2_2 -c practica2_2 --vector_source=/home/ivan/Documents/FI/Lab_oac/practica2_2/practica2_2_EMV_POA/Waveform.vwf --testbench_file=/home/ivan/Documents/FI/Lab_oac/practica2_2/practica2_2_EMV_POA/simulation/qsim/Waveform.vwf.vht
quartus_eda --write_settings_files=off --simulation=on --functional=on --flatten_buses=off --tool=modelsim_oem --format=vhdl --output_directory=/home/ivan/Documents/FI/Lab_oac/practica2_2/practica2_2_EMV_POA/simulation/qsim/ practica2_2 -c practica2_2



