Analysis & Synthesis report for practica5
Fri Oct  2 08:32:24 2026
Quartus Prime Version 25.1std.0 Build 1129 10/21/2025 SC Lite Edition


---------------------
; Table of Contents ;
---------------------
  1. Legal Notice
  2. Analysis & Synthesis Summary
  3. Analysis & Synthesis Settings
  4. Parallel Compilation
  5. Analysis & Synthesis Source Files Read
  6. Analysis & Synthesis Resource Usage Summary
  7. Analysis & Synthesis Resource Utilization by Entity
  8. General Register Statistics
  9. Multiplexer Restructuring Statistics (Restructuring Performed)
 10. Post-Synthesis Netlist Statistics for Top Partition
 11. Elapsed Time Per Partition
 12. Analysis & Synthesis Messages



----------------
; Legal Notice ;
----------------
Copyright (C) 2025  Altera Corporation. All rights reserved.
Your use of Altera Corporation's design tools, logic functions 
and other software and tools, and any partner logic 
functions, and any output files from any of the foregoing 
(including device programming or simulation files), and any 
associated documentation or information are expressly subject 
to the terms and conditions of the Altera Program License 
Subscription Agreement, the Altera Quartus Prime License Agreement,
the Altera IP License Agreement, or other applicable license
agreement, including, without limitation, that your use is for
the sole purpose of programming logic devices manufactured by
Altera and sold by Altera or its authorized distributors.  Please
refer to the Altera Software License Subscription Agreements 
on the Quartus Prime software download page.



+--------------------------------------------------------------------------------------+
; Analysis & Synthesis Summary                                                         ;
+------------------------------------+-------------------------------------------------+
; Analysis & Synthesis Status        ; Successful - Fri Oct  2 08:32:24 2026           ;
; Quartus Prime Version              ; 25.1std.0 Build 1129 10/21/2025 SC Lite Edition ;
; Revision Name                      ; practica5                                       ;
; Top-level Entity Name              ; practica5                                       ;
; Family                             ; MAX 10                                          ;
; Total logic elements               ; 51                                              ;
;     Total combinational functions  ; 51                                              ;
;     Dedicated logic registers      ; 33                                              ;
; Total registers                    ; 33                                              ;
; Total pins                         ; 13                                              ;
; Total virtual pins                 ; 0                                               ;
; Total memory bits                  ; 0                                               ;
; Embedded Multiplier 9-bit elements ; 0                                               ;
; Total PLLs                         ; 0                                               ;
; UFM blocks                         ; 0                                               ;
; ADC blocks                         ; 0                                               ;
+------------------------------------+-------------------------------------------------+


+------------------------------------------------------------------------------------------------------------+
; Analysis & Synthesis Settings                                                                              ;
+------------------------------------------------------------------+--------------------+--------------------+
; Option                                                           ; Setting            ; Default Value      ;
+------------------------------------------------------------------+--------------------+--------------------+
; Device                                                           ; 10M50DAF484C7G     ;                    ;
; Top-level entity name                                            ; practica5          ; practica5          ;
; Family name                                                      ; MAX 10             ; Cyclone V          ;
; Use smart compilation                                            ; Off                ; Off                ;
; Enable parallel Assembler and Timing Analyzer during compilation ; On                 ; On                 ;
; Enable compact report table                                      ; Off                ; Off                ;
; Restructure Multiplexers                                         ; Auto               ; Auto               ;
; Create Debugging Nodes for IP Cores                              ; Off                ; Off                ;
; Preserve fewer node names                                        ; On                 ; On                 ;
; Intel FPGA IP Evaluation Mode                                    ; Enable             ; Enable             ;
; Verilog Version                                                  ; Verilog_2001       ; Verilog_2001       ;
; VHDL Version                                                     ; VHDL_1993          ; VHDL_1993          ;
; State Machine Processing                                         ; Auto               ; Auto               ;
; Safe State Machine                                               ; Off                ; Off                ;
; Extract Verilog State Machines                                   ; On                 ; On                 ;
; Extract VHDL State Machines                                      ; On                 ; On                 ;
; Ignore Verilog initial constructs                                ; Off                ; Off                ;
; Iteration limit for constant Verilog loops                       ; 5000               ; 5000               ;
; Iteration limit for non-constant Verilog loops                   ; 250                ; 250                ;
; Add Pass-Through Logic to Inferred RAMs                          ; On                 ; On                 ;
; Infer RAMs from Raw Logic                                        ; On                 ; On                 ;
; Parallel Synthesis                                               ; On                 ; On                 ;
; DSP Block Balancing                                              ; Auto               ; Auto               ;
; NOT Gate Push-Back                                               ; On                 ; On                 ;
; Power-Up Don't Care                                              ; On                 ; On                 ;
; Remove Redundant Logic Cells                                     ; Off                ; Off                ;
; Remove Duplicate Registers                                       ; On                 ; On                 ;
; Ignore CARRY Buffers                                             ; Off                ; Off                ;
; Ignore CASCADE Buffers                                           ; Off                ; Off                ;
; Ignore GLOBAL Buffers                                            ; Off                ; Off                ;
; Ignore ROW GLOBAL Buffers                                        ; Off                ; Off                ;
; Ignore LCELL Buffers                                             ; Off                ; Off                ;
; Ignore SOFT Buffers                                              ; On                 ; On                 ;
; Limit AHDL Integers to 32 Bits                                   ; Off                ; Off                ;
; Optimization Technique                                           ; Balanced           ; Balanced           ;
; Carry Chain Length                                               ; 70                 ; 70                 ;
; Auto Carry Chains                                                ; On                 ; On                 ;
; Auto Open-Drain Pins                                             ; On                 ; On                 ;
; Perform WYSIWYG Primitive Resynthesis                            ; Off                ; Off                ;
; Auto ROM Replacement                                             ; On                 ; On                 ;
; Auto RAM Replacement                                             ; On                 ; On                 ;
; Auto DSP Block Replacement                                       ; On                 ; On                 ;
; Auto Shift Register Replacement                                  ; Auto               ; Auto               ;
; Allow Shift Register Merging across Hierarchies                  ; Auto               ; Auto               ;
; Auto Clock Enable Replacement                                    ; On                 ; On                 ;
; Strict RAM Replacement                                           ; Off                ; Off                ;
; Allow Synchronous Control Signals                                ; On                 ; On                 ;
; Force Use of Synchronous Clear Signals                           ; Off                ; Off                ;
; Auto RAM Block Balancing                                         ; On                 ; On                 ;
; Auto RAM to Logic Cell Conversion                                ; Off                ; Off                ;
; Auto Resource Sharing                                            ; Off                ; Off                ;
; Allow Any RAM Size For Recognition                               ; Off                ; Off                ;
; Allow Any ROM Size For Recognition                               ; Off                ; Off                ;
; Allow Any Shift Register Size For Recognition                    ; Off                ; Off                ;
; Use LogicLock Constraints during Resource Balancing              ; On                 ; On                 ;
; Ignore translate_off and synthesis_off directives                ; Off                ; Off                ;
; Timing-Driven Synthesis                                          ; On                 ; On                 ;
; Report Parameter Settings                                        ; On                 ; On                 ;
; Report Source Assignments                                        ; On                 ; On                 ;
; Report Connectivity Checks                                       ; On                 ; On                 ;
; Ignore Maximum Fan-Out Assignments                               ; Off                ; Off                ;
; Synchronization Register Chain Length                            ; 2                  ; 2                  ;
; Power Optimization During Synthesis                              ; Normal compilation ; Normal compilation ;
; HDL message level                                                ; Level2             ; Level2             ;
; Suppress Register Optimization Related Messages                  ; Off                ; Off                ;
; Number of Removed Registers Reported in Synthesis Report         ; 5000               ; 5000               ;
; Number of Swept Nodes Reported in Synthesis Report               ; 5000               ; 5000               ;
; Number of Inverted Registers Reported in Synthesis Report        ; 100                ; 100                ;
; Clock MUX Protection                                             ; On                 ; On                 ;
; Auto Gated Clock Conversion                                      ; Off                ; Off                ;
; Block Design Naming                                              ; Auto               ; Auto               ;
; SDC constraint protection                                        ; Off                ; Off                ;
; Synthesis Effort                                                 ; Auto               ; Auto               ;
; Shift Register Replacement - Allow Asynchronous Clear Signal     ; On                 ; On                 ;
; Pre-Mapping Resynthesis Optimization                             ; Off                ; Off                ;
; Analysis & Synthesis Message Level                               ; Medium             ; Medium             ;
; Disable Register Merging Across Hierarchies                      ; Auto               ; Auto               ;
; Resource Aware Inference For Block RAM                           ; On                 ; On                 ;
+------------------------------------------------------------------+--------------------+--------------------+


+------------------------------------------+
; Parallel Compilation                     ;
+----------------------------+-------------+
; Processors                 ; Number      ;
+----------------------------+-------------+
; Number detected on machine ; 8           ;
; Maximum allowed            ; 4           ;
;                            ;             ;
; Average used               ; 1.00        ;
; Maximum used               ; 4           ;
;                            ;             ;
; Usage by Processor         ; % Time Used ;
;     Processor 1            ; 100.0%      ;
;     Processor 2            ;   0.0%      ;
;     Processors 3-4         ;   0.0%      ;
+----------------------------+-------------+


+-----------------------------------------------------------------------------------------------------------------------------------------------------------------------------+
; Analysis & Synthesis Source Files Read                                                                                                                                      ;
+----------------------------------+-----------------+------------------------------------+-------------------------------------------------------------------------+---------+
; File Name with User-Entered Path ; Used in Netlist ; File Type                          ; File Name with Absolute Path                                            ; Library ;
+----------------------------------+-----------------+------------------------------------+-------------------------------------------------------------------------+---------+
; practica5.bdf                    ; yes             ; User Block Diagram/Schematic File  ; /home/ivan/Documents/FI/Lab_oac/practica_5/practica 5/practica5.bdf     ;         ;
; registro.vhd                     ; yes             ; User VHDL File                     ; /home/ivan/Documents/FI/Lab_oac/practica_5/practica 5/registro.vhd      ;         ;
; mux_control.vhd                  ; yes             ; User VHDL File                     ; /home/ivan/Documents/FI/Lab_oac/practica_5/practica 5/mux_control.vhd   ;         ;
; contador.bdf                     ; yes             ; User Block Diagram/Schematic File  ; /home/ivan/Documents/FI/Lab_oac/practica_5/practica 5/contador.bdf      ;         ;
; incrementador.vhd                ; yes             ; User VHDL File                     ; /home/ivan/Documents/FI/Lab_oac/practica_5/practica 5/incrementador.vhd ;         ;
; rom.vhd                          ; yes             ; User VHDL File                     ; /home/ivan/Documents/FI/Lab_oac/practica_5/practica 5/rom.vhd           ;         ;
; div_datos.vhd                    ; yes             ; User VHDL File                     ; /home/ivan/Documents/FI/Lab_oac/practica_5/practica 5/div_datos.vhd     ;         ;
; mux_prueba.vhd                   ; yes             ; User VHDL File                     ; /home/ivan/Documents/FI/Lab_oac/practica_5/practica 5/mux_prueba.vhd    ;         ;
; mux_salida.vhd                   ; yes             ; User VHDL File                     ; /home/ivan/Documents/FI/Lab_oac/practica_5/practica 5/mux_salida.vhd    ;         ;
; clk_buttom.vhd                   ; yes             ; User VHDL File                     ; /home/ivan/Documents/FI/Lab_oac/practica_5/practica 5/clk_buttom.vhd    ;         ;
+----------------------------------+-----------------+------------------------------------+-------------------------------------------------------------------------+---------+


+-----------------------------------------------------------------------+
; Analysis & Synthesis Resource Usage Summary                           ;
+---------------------------------------------+-------------------------+
; Resource                                    ; Usage                   ;
+---------------------------------------------+-------------------------+
; Estimated Total logic elements              ; 51                      ;
;                                             ;                         ;
; Total combinational functions               ; 51                      ;
; Logic element usage by number of LUT inputs ;                         ;
;     -- 4 input functions                    ; 14                      ;
;     -- 3 input functions                    ; 5                       ;
;     -- <=2 input functions                  ; 32                      ;
;                                             ;                         ;
; Logic elements by mode                      ;                         ;
;     -- normal mode                          ; 24                      ;
;     -- arithmetic mode                      ; 27                      ;
;                                             ;                         ;
; Total registers                             ; 33                      ;
;     -- Dedicated logic registers            ; 33                      ;
;     -- I/O registers                        ; 0                       ;
;                                             ;                         ;
; I/O pins                                    ; 13                      ;
;                                             ;                         ;
; Embedded Multiplier 9-bit elements          ; 0                       ;
;                                             ;                         ;
; Maximum fan-out node                        ; clk_buttom:inst5|Equal0 ;
; Maximum fan-out                             ; 31                      ;
; Total fan-out                               ; 251                     ;
; Average fan-out                             ; 2.28                    ;
+---------------------------------------------+-------------------------+


+-----------------------------------------------------------------------------------------------------------------------------------------------------------------------------------------------------------------------------------------------------------+
; Analysis & Synthesis Resource Utilization by Entity                                                                                                                                                                                                       ;
+----------------------------+---------------------+---------------------------+-------------+------------+--------------+---------+-----------+------+--------------+------------+--------------------------------------------+-------------+--------------+
; Compilation Hierarchy Node ; Combinational ALUTs ; Dedicated Logic Registers ; Memory Bits ; UFM Blocks ; DSP Elements ; DSP 9x9 ; DSP 18x18 ; Pins ; Virtual Pins ; ADC blocks ; Full Hierarchy Name                        ; Entity Name ; Library Name ;
+----------------------------+---------------------+---------------------------+-------------+------------+--------------+---------+-----------+------+--------------+------------+--------------------------------------------+-------------+--------------+
; |practica5                 ; 51 (0)              ; 33 (0)                    ; 0           ; 0          ; 0            ; 0       ; 0         ; 13   ; 0            ; 0          ; |practica5                                 ; practica5   ; work         ;
;    |clk_buttom:inst5|      ; 42 (42)             ; 30 (30)                   ; 0           ; 0          ; 0            ; 0       ; 0         ; 0    ; 0            ; 0          ; |practica5|clk_buttom:inst5                ; clk_buttom  ; work         ;
;    |contador:inst4|        ; 6 (0)               ; 3 (0)                     ; 0           ; 0          ; 0            ; 0       ; 0         ; 0    ; 0            ; 0          ; |practica5|contador:inst4                  ; contador    ; work         ;
;       |mux_control:inst|   ; 6 (6)               ; 0 (0)                     ; 0           ; 0          ; 0            ; 0       ; 0         ; 0    ; 0            ; 0          ; |practica5|contador:inst4|mux_control:inst ; mux_control ; work         ;
;       |registro:inst1|     ; 0 (0)               ; 3 (3)                     ; 0           ; 0          ; 0            ; 0       ; 0         ; 0    ; 0            ; 0          ; |practica5|contador:inst4|registro:inst1   ; registro    ; work         ;
;    |mux_salida:inst9|      ; 1 (1)               ; 0 (0)                     ; 0           ; 0          ; 0            ; 0       ; 0         ; 0    ; 0            ; 0          ; |practica5|mux_salida:inst9                ; mux_salida  ; work         ;
;    |rom:inst1|             ; 2 (2)               ; 0 (0)                     ; 0           ; 0          ; 0            ; 0       ; 0         ; 0    ; 0            ; 0          ; |practica5|rom:inst1                       ; rom         ; work         ;
+----------------------------+---------------------+---------------------------+-------------+------------+--------------+---------+-----------+------+--------------+------------+--------------------------------------------+-------------+--------------+
Note: For table entries with two numbers listed, the numbers in parentheses indicate the number of resources of the given type used by the specific entity alone. The numbers listed outside of parentheses indicate the total resources of the given type used by the specific entity and all of its sub-entities in the hierarchy.


+------------------------------------------------------+
; General Register Statistics                          ;
+----------------------------------------------+-------+
; Statistic                                    ; Value ;
+----------------------------------------------+-------+
; Total registers                              ; 33    ;
; Number of registers using Synchronous Clear  ; 28    ;
; Number of registers using Synchronous Load   ; 0     ;
; Number of registers using Asynchronous Clear ; 3     ;
; Number of registers using Asynchronous Load  ; 0     ;
; Number of registers using Clock Enable       ; 0     ;
; Number of registers using Preset             ; 0     ;
+----------------------------------------------+-------+


+----------------------------------------------------------------------------------------------------------------------------------------------------+
; Multiplexer Restructuring Statistics (Restructuring Performed)                                                                                     ;
+--------------------+-----------+---------------+----------------------+------------------------+------------+--------------------------------------+
; Multiplexer Inputs ; Bus Width ; Baseline Area ; Area if Restructured ; Saving if Restructured ; Registered ; Example Multiplexer Output           ;
+--------------------+-----------+---------------+----------------------+------------------------+------------+--------------------------------------+
; 6:1                ; 2 bits    ; 8 LEs         ; 4 LEs                ; 4 LEs                  ; Yes        ; |practica5|clk_buttom:inst5|state[1] ;
+--------------------+-----------+---------------+----------------------+------------------------+------------+--------------------------------------+


+-----------------------------------------------------+
; Post-Synthesis Netlist Statistics for Top Partition ;
+-----------------------+-----------------------------+
; Type                  ; Count                       ;
+-----------------------+-----------------------------+
; boundary_port         ; 13                          ;
; cycloneiii_ff         ; 33                          ;
;     CLR               ; 3                           ;
;     SCLR              ; 28                          ;
;     plain             ; 2                           ;
; cycloneiii_lcell_comb ; 52                          ;
;     arith             ; 27                          ;
;         2 data inputs ; 27                          ;
;     normal            ; 25                          ;
;         1 data inputs ; 2                           ;
;         2 data inputs ; 4                           ;
;         3 data inputs ; 5                           ;
;         4 data inputs ; 14                          ;
;                       ;                             ;
; Max LUT depth         ; 4.00                        ;
; Average LUT depth     ; 2.96                        ;
+-----------------------+-----------------------------+


+-------------------------------+
; Elapsed Time Per Partition    ;
+----------------+--------------+
; Partition Name ; Elapsed Time ;
+----------------+--------------+
; Top            ; 00:00:00     ;
+----------------+--------------+


+-------------------------------+
; Analysis & Synthesis Messages ;
+-------------------------------+
Info: *******************************************************************
Info: Running Quartus Prime Analysis & Synthesis
    Info: Version 25.1std.0 Build 1129 10/21/2025 SC Lite Edition
    Info: Processing started: Fri Oct  2 08:32:17 2026
Info: Command: quartus_map --read_settings_files=on --write_settings_files=off practica5 -c practica5
Warning (18236): Number of processors has not been specified which may cause overloading on shared machines.  Set the global assignment NUM_PARALLEL_PROCESSORS in your QSF to an appropriate value for best performance.
Info (20030): Parallel compilation is enabled and will use 4 of the 4 processors detected
Info (12021): Found 1 design units, including 1 entities, in source file practica5.bdf
    Info (12023): Found entity 1: practica5
Info (12021): Found 2 design units, including 1 entities, in source file registro.vhd
    Info (12022): Found design unit 1: registro-Behavioral File: /home/ivan/Documents/FI/Lab_oac/practica_5/practica 5/registro.vhd Line: 15
    Info (12023): Found entity 1: registro File: /home/ivan/Documents/FI/Lab_oac/practica_5/practica 5/registro.vhd Line: 6
Info (12021): Found 2 design units, including 1 entities, in source file mux_control.vhd
    Info (12022): Found design unit 1: mux_control-Behavioral File: /home/ivan/Documents/FI/Lab_oac/practica_5/practica 5/mux_control.vhd Line: 14
    Info (12023): Found entity 1: mux_control File: /home/ivan/Documents/FI/Lab_oac/practica_5/practica 5/mux_control.vhd Line: 6
Info (12021): Found 1 design units, including 1 entities, in source file contador.bdf
    Info (12023): Found entity 1: contador
Info (12021): Found 2 design units, including 1 entities, in source file incrementador.vhd
    Info (12022): Found design unit 1: incrementador-Behavioral File: /home/ivan/Documents/FI/Lab_oac/practica_5/practica 5/incrementador.vhd Line: 12
    Info (12023): Found entity 1: incrementador File: /home/ivan/Documents/FI/Lab_oac/practica_5/practica 5/incrementador.vhd Line: 6
Info (12021): Found 2 design units, including 1 entities, in source file rom.vhd
    Info (12022): Found design unit 1: rom-Behavioral File: /home/ivan/Documents/FI/Lab_oac/practica_5/practica 5/rom.vhd Line: 13
    Info (12023): Found entity 1: rom File: /home/ivan/Documents/FI/Lab_oac/practica_5/practica 5/rom.vhd Line: 6
Info (12021): Found 2 design units, including 1 entities, in source file div_datos.vhd
    Info (12022): Found design unit 1: div_datos-Behavioral File: /home/ivan/Documents/FI/Lab_oac/practica_5/practica 5/div_datos.vhd Line: 18
    Info (12023): Found entity 1: div_datos File: /home/ivan/Documents/FI/Lab_oac/practica_5/practica 5/div_datos.vhd Line: 6
Info (12021): Found 2 design units, including 1 entities, in source file mux_prueba.vhd
    Info (12022): Found design unit 1: mux_prueba-Behavioral File: /home/ivan/Documents/FI/Lab_oac/practica_5/practica 5/mux_prueba.vhd Line: 16
    Info (12023): Found entity 1: mux_prueba File: /home/ivan/Documents/FI/Lab_oac/practica_5/practica 5/mux_prueba.vhd Line: 6
Info (12021): Found 2 design units, including 1 entities, in source file mux_salida.vhd
    Info (12022): Found design unit 1: mux_salida-Behavioral File: /home/ivan/Documents/FI/Lab_oac/practica_5/practica 5/mux_salida.vhd Line: 14
    Info (12023): Found entity 1: mux_salida File: /home/ivan/Documents/FI/Lab_oac/practica_5/practica 5/mux_salida.vhd Line: 6
Info (12021): Found 2 design units, including 1 entities, in source file div_frec.vhd
    Info (12022): Found design unit 1: div_frec-Behavioral File: /home/ivan/Documents/FI/Lab_oac/practica_5/practica 5/div_frec.vhd Line: 11
    Info (12023): Found entity 1: div_frec File: /home/ivan/Documents/FI/Lab_oac/practica_5/practica 5/div_frec.vhd Line: 6
Info (12021): Found 2 design units, including 1 entities, in source file clk_buttom.vhd
    Info (12022): Found design unit 1: clk_buttom-Behavioral File: /home/ivan/Documents/FI/Lab_oac/practica_5/practica 5/clk_buttom.vhd Line: 14
    Info (12023): Found entity 1: clk_buttom File: /home/ivan/Documents/FI/Lab_oac/practica_5/practica 5/clk_buttom.vhd Line: 6
Info (12127): Elaborating entity "practica5" for the top level hierarchy
Info (12128): Elaborating entity "contador" for hierarchy "contador:inst4"
Info (12128): Elaborating entity "registro" for hierarchy "contador:inst4|registro:inst1"
Info (12128): Elaborating entity "mux_control" for hierarchy "contador:inst4|mux_control:inst"
Warning (10631): VHDL Process Statement warning at mux_control.vhd(17): inferring latch(es) for signal or variable "edos", which holds its previous value in one or more paths through the process File: /home/ivan/Documents/FI/Lab_oac/practica_5/practica 5/mux_control.vhd Line: 17
Info (10041): Inferred latch for "edos[0]" at mux_control.vhd(17) File: /home/ivan/Documents/FI/Lab_oac/practica_5/practica 5/mux_control.vhd Line: 17
Info (10041): Inferred latch for "edos[1]" at mux_control.vhd(17) File: /home/ivan/Documents/FI/Lab_oac/practica_5/practica 5/mux_control.vhd Line: 17
Info (10041): Inferred latch for "edos[2]" at mux_control.vhd(17) File: /home/ivan/Documents/FI/Lab_oac/practica_5/practica 5/mux_control.vhd Line: 17
Info (12128): Elaborating entity "incrementador" for hierarchy "contador:inst4|incrementador:inst3"
Info (12128): Elaborating entity "clk_buttom" for hierarchy "clk_buttom:inst5"
Info (12128): Elaborating entity "mux_prueba" for hierarchy "mux_prueba:inst"
Warning (10631): VHDL Process Statement warning at mux_prueba.vhd(19): inferring latch(es) for signal or variable "qsel", which holds its previous value in one or more paths through the process File: /home/ivan/Documents/FI/Lab_oac/practica_5/practica 5/mux_prueba.vhd Line: 19
Info (10041): Inferred latch for "qsel" at mux_prueba.vhd(19) File: /home/ivan/Documents/FI/Lab_oac/practica_5/practica 5/mux_prueba.vhd Line: 19
Info (12128): Elaborating entity "div_datos" for hierarchy "div_datos:inst2"
Info (12128): Elaborating entity "rom" for hierarchy "rom:inst1"
Warning (10492): VHDL Process Statement warning at rom.vhd(108): signal "internal_mem" is read inside the Process Statement but isn't in the Process Statement's sensitivity list File: /home/ivan/Documents/FI/Lab_oac/practica_5/practica 5/rom.vhd Line: 108
Info (12128): Elaborating entity "mux_salida" for hierarchy "mux_salida:inst9"
Warning (10631): VHDL Process Statement warning at mux_salida.vhd(17): inferring latch(es) for signal or variable "salida", which holds its previous value in one or more paths through the process File: /home/ivan/Documents/FI/Lab_oac/practica_5/practica 5/mux_salida.vhd Line: 17
Info (10041): Inferred latch for "salida[0]" at mux_salida.vhd(17) File: /home/ivan/Documents/FI/Lab_oac/practica_5/practica 5/mux_salida.vhd Line: 17
Info (10041): Inferred latch for "salida[1]" at mux_salida.vhd(17) File: /home/ivan/Documents/FI/Lab_oac/practica_5/practica 5/mux_salida.vhd Line: 17
Info (10041): Inferred latch for "salida[2]" at mux_salida.vhd(17) File: /home/ivan/Documents/FI/Lab_oac/practica_5/practica 5/mux_salida.vhd Line: 17
Info (10041): Inferred latch for "salida[3]" at mux_salida.vhd(17) File: /home/ivan/Documents/FI/Lab_oac/practica_5/practica 5/mux_salida.vhd Line: 17
Warning (14026): LATCH primitive "mux_prueba:inst|qsel" is permanently enabled File: /home/ivan/Documents/FI/Lab_oac/practica_5/practica 5/mux_prueba.vhd Line: 12
Info (286030): Timing-Driven Synthesis is running
Info (16010): Generating hard_block partition "hard_block:auto_generated_inst"
    Info (16011): Adding 0 node(s), including 0 DDIO, 0 PLL, 0 transceiver and 0 LCELL
Info (21057): Implemented 64 device resources after synthesis - the final resource count might be different
    Info (21058): Implemented 6 input pins
    Info (21059): Implemented 7 output pins
    Info (21061): Implemented 51 logic cells
Info: Quartus Prime Analysis & Synthesis was successful. 0 errors, 6 warnings
    Info: Peak virtual memory: 436 megabytes
    Info: Processing ended: Fri Oct  2 08:32:24 2026
    Info: Elapsed time: 00:00:07
    Info: Total CPU time (on all processors): 00:00:17


