Analysis & Synthesis report for practica6
Fri Oct  9 08:40:22 2026
Quartus Prime Version 23.1std.0 Build 991 11/28/2023 SC Lite Edition


---------------------
; Table of Contents ;
---------------------
  1. Legal Notice
  2. Analysis & Synthesis Summary
  3. Analysis & Synthesis Settings
  4. Parallel Compilation
  5. Analysis & Synthesis Source Files Read
  6. Analysis & Synthesis Resource Usage Summary
  7. Analysis & Synthesis Resource Utilization by Entity
  8. General Register Statistics
  9. Multiplexer Restructuring Statistics (Restructuring Performed)
 10. Post-Synthesis Netlist Statistics for Top Partition
 11. Elapsed Time Per Partition
 12. Analysis & Synthesis Messages



----------------
; Legal Notice ;
----------------
Copyright (C) 2023  Intel Corporation. All rights reserved.
Your use of Intel Corporation's design tools, logic functions 
and other software and tools, and any partner logic 
functions, and any output files from any of the foregoing 
(including device programming or simulation files), and any 
associated documentation or information are expressly subject 
to the terms and conditions of the Intel Program License 
Subscription Agreement, the Intel Quartus Prime License Agreement,
the Intel FPGA IP License Agreement, or other applicable license
agreement, including, without limitation, that your use is for
the sole purpose of programming logic devices manufactured by
Intel and sold by Intel or its authorized distributors.  Please
refer to the applicable agreement for further details, at
https://fpgasoftware.intel.com/eula.



+-------------------------------------------------------------------------------------+
; Analysis & Synthesis Summary                                                        ;
+------------------------------------+------------------------------------------------+
; Analysis & Synthesis Status        ; Successful - Fri Oct  9 08:40:22 2026          ;
; Quartus Prime Version              ; 23.1std.0 Build 991 11/28/2023 SC Lite Edition ;
; Revision Name                      ; practica6                                      ;
; Top-level Entity Name              ; practica6                                      ;
; Family                             ; MAX 10                                         ;
; Total logic elements               ; 49                                             ;
;     Total combinational functions  ; 49                                             ;
;     Dedicated logic registers      ; 34                                             ;
; Total registers                    ; 34                                             ;
; Total pins                         ; 10                                             ;
; Total virtual pins                 ; 0                                              ;
; Total memory bits                  ; 0                                              ;
; Embedded Multiplier 9-bit elements ; 0                                              ;
; Total PLLs                         ; 0                                              ;
; UFM blocks                         ; 0                                              ;
; ADC blocks                         ; 0                                              ;
+------------------------------------+------------------------------------------------+


+------------------------------------------------------------------------------------------------------------+
; Analysis & Synthesis Settings                                                                              ;
+------------------------------------------------------------------+--------------------+--------------------+
; Option                                                           ; Setting            ; Default Value      ;
+------------------------------------------------------------------+--------------------+--------------------+
; Device                                                           ; 10M50DAF484C7G     ;                    ;
; Top-level entity name                                            ; practica6          ; practica6          ;
; Family name                                                      ; MAX 10             ; Cyclone V          ;
; Use smart compilation                                            ; Off                ; Off                ;
; Enable parallel Assembler and Timing Analyzer during compilation ; On                 ; On                 ;
; Enable compact report table                                      ; Off                ; Off                ;
; Restructure Multiplexers                                         ; Auto               ; Auto               ;
; Create Debugging Nodes for IP Cores                              ; Off                ; Off                ;
; Preserve fewer node names                                        ; On                 ; On                 ;
; Intel FPGA IP Evaluation Mode                                    ; Enable             ; Enable             ;
; Verilog Version                                                  ; Verilog_2001       ; Verilog_2001       ;
; VHDL Version                                                     ; VHDL_1993          ; VHDL_1993          ;
; State Machine Processing                                         ; Auto               ; Auto               ;
; Safe State Machine                                               ; Off                ; Off                ;
; Extract Verilog State Machines                                   ; On                 ; On                 ;
; Extract VHDL State Machines                                      ; On                 ; On                 ;
; Ignore Verilog initial constructs                                ; Off                ; Off                ;
; Iteration limit for constant Verilog loops                       ; 5000               ; 5000               ;
; Iteration limit for non-constant Verilog loops                   ; 250                ; 250                ;
; Add Pass-Through Logic to Inferred RAMs                          ; On                 ; On                 ;
; Infer RAMs from Raw Logic                                        ; On                 ; On                 ;
; Parallel Synthesis                                               ; On                 ; On                 ;
; DSP Block Balancing                                              ; Auto               ; Auto               ;
; NOT Gate Push-Back                                               ; On                 ; On                 ;
; Power-Up Don't Care                                              ; On                 ; On                 ;
; Remove Redundant Logic Cells                                     ; Off                ; Off                ;
; Remove Duplicate Registers                                       ; On                 ; On                 ;
; Ignore CARRY Buffers                                             ; Off                ; Off                ;
; Ignore CASCADE Buffers                                           ; Off                ; Off                ;
; Ignore GLOBAL Buffers                                            ; Off                ; Off                ;
; Ignore ROW GLOBAL Buffers                                        ; Off                ; Off                ;
; Ignore LCELL Buffers                                             ; Off                ; Off                ;
; Ignore SOFT Buffers                                              ; On                 ; On                 ;
; Limit AHDL Integers to 32 Bits                                   ; Off                ; Off                ;
; Optimization Technique                                           ; Balanced           ; Balanced           ;
; Carry Chain Length                                               ; 70                 ; 70                 ;
; Auto Carry Chains                                                ; On                 ; On                 ;
; Auto Open-Drain Pins                                             ; On                 ; On                 ;
; Perform WYSIWYG Primitive Resynthesis                            ; Off                ; Off                ;
; Auto ROM Replacement                                             ; On                 ; On                 ;
; Auto RAM Replacement                                             ; On                 ; On                 ;
; Auto DSP Block Replacement                                       ; On                 ; On                 ;
; Auto Shift Register Replacement                                  ; Auto               ; Auto               ;
; Allow Shift Register Merging across Hierarchies                  ; Auto               ; Auto               ;
; Auto Clock Enable Replacement                                    ; On                 ; On                 ;
; Strict RAM Replacement                                           ; Off                ; Off                ;
; Allow Synchronous Control Signals                                ; On                 ; On                 ;
; Force Use of Synchronous Clear Signals                           ; Off                ; Off                ;
; Auto RAM Block Balancing                                         ; On                 ; On                 ;
; Auto RAM to Logic Cell Conversion                                ; Off                ; Off                ;
; Auto Resource Sharing                                            ; Off                ; Off                ;
; Allow Any RAM Size For Recognition                               ; Off                ; Off                ;
; Allow Any ROM Size For Recognition                               ; Off                ; Off                ;
; Allow Any Shift Register Size For Recognition                    ; Off                ; Off                ;
; Use LogicLock Constraints during Resource Balancing              ; On                 ; On                 ;
; Ignore translate_off and synthesis_off directives                ; Off                ; Off                ;
; Timing-Driven Synthesis                                          ; On                 ; On                 ;
; Report Parameter Settings                                        ; On                 ; On                 ;
; Report Source Assignments                                        ; On                 ; On                 ;
; Report Connectivity Checks                                       ; On                 ; On                 ;
; Ignore Maximum Fan-Out Assignments                               ; Off                ; Off                ;
; Synchronization Register Chain Length                            ; 2                  ; 2                  ;
; Power Optimization During Synthesis                              ; Normal compilation ; Normal compilation ;
; HDL message level                                                ; Level2             ; Level2             ;
; Suppress Register Optimization Related Messages                  ; Off                ; Off                ;
; Number of Removed Registers Reported in Synthesis Report         ; 5000               ; 5000               ;
; Number of Swept Nodes Reported in Synthesis Report               ; 5000               ; 5000               ;
; Number of Inverted Registers Reported in Synthesis Report        ; 100                ; 100                ;
; Clock MUX Protection                                             ; On                 ; On                 ;
; Auto Gated Clock Conversion                                      ; Off                ; Off                ;
; Block Design Naming                                              ; Auto               ; Auto               ;
; SDC constraint protection                                        ; Off                ; Off                ;
; Synthesis Effort                                                 ; Auto               ; Auto               ;
; Shift Register Replacement - Allow Asynchronous Clear Signal     ; On                 ; On                 ;
; Pre-Mapping Resynthesis Optimization                             ; Off                ; Off                ;
; Analysis & Synthesis Message Level                               ; Medium             ; Medium             ;
; Disable Register Merging Across Hierarchies                      ; Auto               ; Auto               ;
; Resource Aware Inference For Block RAM                           ; On                 ; On                 ;
+------------------------------------------------------------------+--------------------+--------------------+


+------------------------------------------+
; Parallel Compilation                     ;
+----------------------------+-------------+
; Processors                 ; Number      ;
+----------------------------+-------------+
; Number detected on machine ; 8           ;
; Maximum allowed            ; 4           ;
;                            ;             ;
; Average used               ; 1.00        ;
; Maximum used               ; 4           ;
;                            ;             ;
; Usage by Processor         ; % Time Used ;
;     Processor 1            ; 100.0%      ;
;     Processors 2-4         ;   0.0%      ;
+----------------------------+-------------+


+------------------------------------------------------------------------------------------------------------------------------------------------------------------------------+
; Analysis & Synthesis Source Files Read                                                                                                                                       ;
+----------------------------------+-----------------+------------------------------------+--------------------------------------------------------------------------+---------+
; File Name with User-Entered Path ; Used in Netlist ; File Type                          ; File Name with Absolute Path                                             ; Library ;
+----------------------------------+-----------------+------------------------------------+--------------------------------------------------------------------------+---------+
; practica6.bdf                    ; yes             ; User Block Diagram/Schematic File  ; C:/Users/perci/Desktop/9no_Semestre/LAB_OAyC/practica6/practica6.bdf     ;         ;
; registro_mpc.vhd                 ; yes             ; User VHDL File                     ; C:/Users/perci/Desktop/9no_Semestre/LAB_OAyC/practica6/registro_mpc.vhd  ;         ;
; mux.vhd                          ; yes             ; User VHDL File                     ; C:/Users/perci/Desktop/9no_Semestre/LAB_OAyC/practica6/mux.vhd           ;         ;
; logica.vhd                       ; yes             ; User VHDL File                     ; C:/Users/perci/Desktop/9no_Semestre/LAB_OAyC/practica6/logica.vhd        ;         ;
; registro_liga.vhd                ; yes             ; User VHDL File                     ; C:/Users/perci/Desktop/9no_Semestre/LAB_OAyC/practica6/registro_liga.vhd ;         ;
; registro_ri.vhd                  ; yes             ; User VHDL File                     ; C:/Users/perci/Desktop/9no_Semestre/LAB_OAyC/practica6/registro_ri.vhd   ;         ;
; registro_rt.vhd                  ; yes             ; User VHDL File                     ; C:/Users/perci/Desktop/9no_Semestre/LAB_OAyC/practica6/registro_rt.vhd   ;         ;
; incrementador.vhd                ; yes             ; User VHDL File                     ; C:/Users/perci/Desktop/9no_Semestre/LAB_OAyC/practica6/incrementador.vhd ;         ;
; clk_buttom.vhd                   ; yes             ; User VHDL File                     ; C:/Users/perci/Desktop/9no_Semestre/LAB_OAyC/practica6/clk_buttom.vhd    ;         ;
+----------------------------------+-----------------+------------------------------------+--------------------------------------------------------------------------+---------+


+------------------------------------------------------------------------+
; Analysis & Synthesis Resource Usage Summary                            ;
+---------------------------------------------+--------------------------+
; Resource                                    ; Usage                    ;
+---------------------------------------------+--------------------------+
; Estimated Total logic elements              ; 49                       ;
;                                             ;                          ;
; Total combinational functions               ; 49                       ;
; Logic element usage by number of LUT inputs ;                          ;
;     -- 4 input functions                    ; 14                       ;
;     -- 3 input functions                    ; 4                        ;
;     -- <=2 input functions                  ; 31                       ;
;                                             ;                          ;
; Logic elements by mode                      ;                          ;
;     -- normal mode                          ; 22                       ;
;     -- arithmetic mode                      ; 27                       ;
;                                             ;                          ;
; Total registers                             ; 34                       ;
;     -- Dedicated logic registers            ; 34                       ;
;     -- I/O registers                        ; 0                        ;
;                                             ;                          ;
; I/O pins                                    ; 10                       ;
;                                             ;                          ;
; Embedded Multiplier 9-bit elements          ; 0                        ;
;                                             ;                          ;
; Maximum fan-out node                        ; clk_buttom:inst14|Equal0 ;
; Maximum fan-out                             ; 32                       ;
; Total fan-out                               ; 243                      ;
; Average fan-out                             ; 2.36                     ;
+---------------------------------------------+--------------------------+


+--------------------------------------------------------------------------------------------------------------------------------------------------------------------------------------------------------------------------------------------------+
; Analysis & Synthesis Resource Utilization by Entity                                                                                                                                                                                              ;
+----------------------------+---------------------+---------------------------+-------------+------------+--------------+---------+-----------+------+--------------+------------+---------------------------------+---------------+--------------+
; Compilation Hierarchy Node ; Combinational ALUTs ; Dedicated Logic Registers ; Memory Bits ; UFM Blocks ; DSP Elements ; DSP 9x9 ; DSP 18x18 ; Pins ; Virtual Pins ; ADC blocks ; Full Hierarchy Name             ; Entity Name   ; Library Name ;
+----------------------------+---------------------+---------------------------+-------------+------------+--------------+---------+-----------+------+--------------+------------+---------------------------------+---------------+--------------+
; |practica6                 ; 49 (0)              ; 34 (0)                    ; 0           ; 0          ; 0            ; 0       ; 0         ; 10   ; 0            ; 0          ; |practica6                      ; practica6     ; work         ;
;    |clk_buttom:inst14|     ; 42 (42)             ; 30 (30)                   ; 0           ; 0          ; 0            ; 0       ; 0         ; 0    ; 0            ; 0          ; |practica6|clk_buttom:inst14    ; clk_buttom    ; work         ;
;    |incrementador:inst11|  ; 2 (2)               ; 0 (0)                     ; 0           ; 0          ; 0            ; 0       ; 0         ; 0    ; 0            ; 0          ; |practica6|incrementador:inst11 ; incrementador ; work         ;
;    |mux:inst4|             ; 5 (5)               ; 0 (0)                     ; 0           ; 0          ; 0            ; 0       ; 0         ; 0    ; 0            ; 0          ; |practica6|mux:inst4            ; mux           ; work         ;
;    |registro_mpc:inst10|   ; 0 (0)               ; 4 (4)                     ; 0           ; 0          ; 0            ; 0       ; 0         ; 0    ; 0            ; 0          ; |practica6|registro_mpc:inst10  ; registro_mpc  ; work         ;
+----------------------------+---------------------+---------------------------+-------------+------------+--------------+---------+-----------+------+--------------+------------+---------------------------------+---------------+--------------+
Note: For table entries with two numbers listed, the numbers in parentheses indicate the number of resources of the given type used by the specific entity alone. The numbers listed outside of parentheses indicate the total resources of the given type used by the specific entity and all of its sub-entities in the hierarchy.


+------------------------------------------------------+
; General Register Statistics                          ;
+----------------------------------------------+-------+
; Statistic                                    ; Value ;
+----------------------------------------------+-------+
; Total registers                              ; 34    ;
; Number of registers using Synchronous Clear  ; 28    ;
; Number of registers using Synchronous Load   ; 0     ;
; Number of registers using Asynchronous Clear ; 4     ;
; Number of registers using Asynchronous Load  ; 0     ;
; Number of registers using Clock Enable       ; 0     ;
; Number of registers using Preset             ; 0     ;
+----------------------------------------------+-------+


+-----------------------------------------------------------------------------------------------------------------------------------------------------+
; Multiplexer Restructuring Statistics (Restructuring Performed)                                                                                      ;
+--------------------+-----------+---------------+----------------------+------------------------+------------+---------------------------------------+
; Multiplexer Inputs ; Bus Width ; Baseline Area ; Area if Restructured ; Saving if Restructured ; Registered ; Example Multiplexer Output            ;
+--------------------+-----------+---------------+----------------------+------------------------+------------+---------------------------------------+
; 6:1                ; 2 bits    ; 8 LEs         ; 4 LEs                ; 4 LEs                  ; Yes        ; |practica6|clk_buttom:inst14|state[1] ;
+--------------------+-----------+---------------+----------------------+------------------------+------------+---------------------------------------+


+-----------------------------------------------------+
; Post-Synthesis Netlist Statistics for Top Partition ;
+-----------------------+-----------------------------+
; Type                  ; Count                       ;
+-----------------------+-----------------------------+
; boundary_port         ; 10                          ;
; cycloneiii_ff         ; 34                          ;
;     CLR               ; 4                           ;
;     SCLR              ; 28                          ;
;     plain             ; 2                           ;
; cycloneiii_lcell_comb ; 49                          ;
;     arith             ; 27                          ;
;         2 data inputs ; 27                          ;
;     normal            ; 22                          ;
;         1 data inputs ; 1                           ;
;         2 data inputs ; 3                           ;
;         3 data inputs ; 4                           ;
;         4 data inputs ; 14                          ;
;                       ;                             ;
; Max LUT depth         ; 4.00                        ;
; Average LUT depth     ; 2.98                        ;
+-----------------------+-----------------------------+


+-------------------------------+
; Elapsed Time Per Partition    ;
+----------------+--------------+
; Partition Name ; Elapsed Time ;
+----------------+--------------+
; Top            ; 00:00:00     ;
+----------------+--------------+


+-------------------------------+
; Analysis & Synthesis Messages ;
+-------------------------------+
Info: *******************************************************************
Info: Running Quartus Prime Analysis & Synthesis
    Info: Version 23.1std.0 Build 991 11/28/2023 SC Lite Edition
    Info: Processing started: Fri Oct  9 08:40:13 2026
Info: Command: quartus_map --read_settings_files=on --write_settings_files=off practica6 -c practica6
Warning (18236): Number of processors has not been specified which may cause overloading on shared machines.  Set the global assignment NUM_PARALLEL_PROCESSORS in your QSF to an appropriate value for best performance.
Info (20030): Parallel compilation is enabled and will use 4 of the 4 processors detected
Info (12021): Found 1 design units, including 1 entities, in source file practica6.bdf
    Info (12023): Found entity 1: practica6
Info (12021): Found 2 design units, including 1 entities, in source file registro_mpc.vhd
    Info (12022): Found design unit 1: registro_mpc-Behavioral File: C:/Users/perci/Desktop/9no_Semestre/LAB_OAyC/practica6/registro_mpc.vhd Line: 14
    Info (12023): Found entity 1: registro_mpc File: C:/Users/perci/Desktop/9no_Semestre/LAB_OAyC/practica6/registro_mpc.vhd Line: 6
Warning (12090): Entity "mux" obtained from "mux.vhd" instead of from Quartus Prime megafunction library File: C:/Users/perci/Desktop/9no_Semestre/LAB_OAyC/practica6/mux.vhd Line: 6
Info (12021): Found 2 design units, including 1 entities, in source file mux.vhd
    Info (12022): Found design unit 1: mux-Behavioral File: C:/Users/perci/Desktop/9no_Semestre/LAB_OAyC/practica6/mux.vhd Line: 16
    Info (12023): Found entity 1: mux File: C:/Users/perci/Desktop/9no_Semestre/LAB_OAyC/practica6/mux.vhd Line: 6
Info (12021): Found 2 design units, including 1 entities, in source file logica.vhd
    Info (12022): Found design unit 1: logica-Behavioral File: C:/Users/perci/Desktop/9no_Semestre/LAB_OAyC/practica6/logica.vhd Line: 14
    Info (12023): Found entity 1: logica File: C:/Users/perci/Desktop/9no_Semestre/LAB_OAyC/practica6/logica.vhd Line: 6
Info (12021): Found 2 design units, including 1 entities, in source file registro_liga.vhd
    Info (12022): Found design unit 1: registro_liga-Behavioral File: C:/Users/perci/Desktop/9no_Semestre/LAB_OAyC/practica6/registro_liga.vhd Line: 12
    Info (12023): Found entity 1: registro_liga File: C:/Users/perci/Desktop/9no_Semestre/LAB_OAyC/practica6/registro_liga.vhd Line: 6
Info (12021): Found 2 design units, including 1 entities, in source file registro_ri.vhd
    Info (12022): Found design unit 1: registro_ri-Behavioral File: C:/Users/perci/Desktop/9no_Semestre/LAB_OAyC/practica6/registro_ri.vhd Line: 12
    Info (12023): Found entity 1: registro_ri File: C:/Users/perci/Desktop/9no_Semestre/LAB_OAyC/practica6/registro_ri.vhd Line: 6
Info (12021): Found 2 design units, including 1 entities, in source file registro_rt.vhd
    Info (12022): Found design unit 1: registro_rt-Behavioral File: C:/Users/perci/Desktop/9no_Semestre/LAB_OAyC/practica6/registro_rt.vhd Line: 12
    Info (12023): Found entity 1: registro_rt File: C:/Users/perci/Desktop/9no_Semestre/LAB_OAyC/practica6/registro_rt.vhd Line: 6
Info (12021): Found 2 design units, including 1 entities, in source file incrementador.vhd
    Info (12022): Found design unit 1: incrementador-Behavioral File: C:/Users/perci/Desktop/9no_Semestre/LAB_OAyC/practica6/incrementador.vhd Line: 12
    Info (12023): Found entity 1: incrementador File: C:/Users/perci/Desktop/9no_Semestre/LAB_OAyC/practica6/incrementador.vhd Line: 6
Info (12021): Found 2 design units, including 1 entities, in source file clk_buttom.vhd
    Info (12022): Found design unit 1: clk_buttom-Behavioral File: C:/Users/perci/Desktop/9no_Semestre/LAB_OAyC/practica6/clk_buttom.vhd Line: 14
    Info (12023): Found entity 1: clk_buttom File: C:/Users/perci/Desktop/9no_Semestre/LAB_OAyC/practica6/clk_buttom.vhd Line: 6
Info (12127): Elaborating entity "practica6" for the top level hierarchy
Info (12128): Elaborating entity "registro_mpc" for hierarchy "registro_mpc:inst10"
Info (12128): Elaborating entity "clk_buttom" for hierarchy "clk_buttom:inst14"
Info (12128): Elaborating entity "mux" for hierarchy "mux:inst4"
Warning (10631): VHDL Process Statement warning at mux.vhd(19): inferring latch(es) for signal or variable "edop", which holds its previous value in one or more paths through the process File: C:/Users/perci/Desktop/9no_Semestre/LAB_OAyC/practica6/mux.vhd Line: 19
Info (10041): Inferred latch for "edop[0]" at mux.vhd(19) File: C:/Users/perci/Desktop/9no_Semestre/LAB_OAyC/practica6/mux.vhd Line: 19
Info (10041): Inferred latch for "edop[1]" at mux.vhd(19) File: C:/Users/perci/Desktop/9no_Semestre/LAB_OAyC/practica6/mux.vhd Line: 19
Info (10041): Inferred latch for "edop[2]" at mux.vhd(19) File: C:/Users/perci/Desktop/9no_Semestre/LAB_OAyC/practica6/mux.vhd Line: 19
Info (10041): Inferred latch for "edop[3]" at mux.vhd(19) File: C:/Users/perci/Desktop/9no_Semestre/LAB_OAyC/practica6/mux.vhd Line: 19
Info (12128): Elaborating entity "registro_liga" for hierarchy "registro_liga:inst5"
Info (12128): Elaborating entity "incrementador" for hierarchy "incrementador:inst11"
Info (12128): Elaborating entity "registro_ri" for hierarchy "registro_ri:inst7"
Info (12128): Elaborating entity "registro_rt" for hierarchy "registro_rt:inst8"
Info (12128): Elaborating entity "logica" for hierarchy "logica:inst"
Warning (14026): LATCH primitive "mux:inst4|edop[0]" is permanently enabled File: C:/Users/perci/Desktop/9no_Semestre/LAB_OAyC/practica6/mux.vhd Line: 19
Warning (14026): LATCH primitive "mux:inst4|edop[1]" is permanently enabled File: C:/Users/perci/Desktop/9no_Semestre/LAB_OAyC/practica6/mux.vhd Line: 19
Warning (14026): LATCH primitive "mux:inst4|edop[2]" is permanently enabled File: C:/Users/perci/Desktop/9no_Semestre/LAB_OAyC/practica6/mux.vhd Line: 19
Warning (14026): LATCH primitive "mux:inst4|edop[3]" is permanently enabled File: C:/Users/perci/Desktop/9no_Semestre/LAB_OAyC/practica6/mux.vhd Line: 19
Info (286030): Timing-Driven Synthesis is running
Info (16010): Generating hard_block partition "hard_block:auto_generated_inst"
    Info (16011): Adding 0 node(s), including 0 DDIO, 0 PLL, 0 transceiver and 0 LCELL
Info (21057): Implemented 59 device resources after synthesis - the final resource count might be different
    Info (21058): Implemented 6 input pins
    Info (21059): Implemented 4 output pins
    Info (21061): Implemented 49 logic cells
Info: Quartus Prime Analysis & Synthesis was successful. 0 errors, 7 warnings
    Info: Peak virtual memory: 4856 megabytes
    Info: Processing ended: Fri Oct  9 08:40:22 2026
    Info: Elapsed time: 00:00:09
    Info: Total CPU time (on all processors): 00:00:21


