------------------------------------------------------------
Timing Analyzer Summary
------------------------------------------------------------

Type  : Slow 1200mV 85C Model Setup 'clock'
Slack : -1.519
TNS   : -2.972

Type  : Slow 1200mV 85C Model Hold 'clock'
Slack : 0.393
TNS   : 0.000

Type  : Slow 1200mV 85C Model Recovery 'clock'
Slack : -0.911
TNS   : -2.739

Type  : Slow 1200mV 85C Model Removal 'clock'
Slack : 0.983
TNS   : 0.000

Type  : Slow 1200mV 85C Model Minimum Pulse Width 'clock'
Slack : -3.000
TNS   : -11.418

Type  : Slow 1200mV 0C Model Setup 'clock'
Slack : -1.423
TNS   : -2.769

Type  : Slow 1200mV 0C Model Hold 'clock'
Slack : 0.355
TNS   : 0.000

Type  : Slow 1200mV 0C Model Recovery 'clock'
Slack : -0.636
TNS   : -1.790

Type  : Slow 1200mV 0C Model Removal 'clock'
Slack : 0.747
TNS   : 0.000

Type  : Slow 1200mV 0C Model Minimum Pulse Width 'clock'
Slack : -3.000
TNS   : -11.418

Type  : Fast 1200mV 0C Model Setup 'clock'
Slack : 0.221
TNS   : 0.000

Type  : Fast 1200mV 0C Model Hold 'clock'
Slack : 0.170
TNS   : 0.000

Type  : Fast 1200mV 0C Model Recovery 'clock'
Slack : -0.121
TNS   : -0.263

Type  : Fast 1200mV 0C Model Removal 'clock'
Slack : 0.693
TNS   : 0.000

Type  : Fast 1200mV 0C Model Minimum Pulse Width 'clock'
Slack : -3.000
TNS   : -9.675

------------------------------------------------------------
